eth0: flags=4163<UP,BROADCAST,RUNNING,MULTICAST> mtu 1500 inet 192.168.1.16 netmask 255.255.255.0 broadcast 192.168.1.255 inet6 fe80::215:5dff:fe01:d00 prefixlen 64 scopeid 0x20<link> ether 00:15:5d:01:0d:00 txqueuelen 1000 (Ethernet) RX packets 7495 bytes 643603 (643.6 KB) RX errors 0 dropped 10 overruns 0 frame 0 TX packets 7126 bytes 955893 (955.8 KB) TX errors 0 dropped 0 overruns 0 carrier 0 collisions 0 lo: flags=73<UP,LOOPBACK,RUNNING> mtu 65536 inet 127.0.0.1 netmask 255.0.0.0 inet6 ::1 prefixlen 128 scopeid 0x10<host> loop txqueuelen 1000 (Local Loopback) RX packets 6942 bytes 611706 (611.7 KB) RX errors 0 dropped 0 overruns 0 frame 0 TX packets 6942 bytes 611706 (611.7 KB) TX errors 0 dropped 0 overruns 0 carrier 0 collisions 0
15:46:28 up 5:01, 5 users, load average: 0.00, 0.00, 0.00
khachik pts/1 192.168.1.13 Fri Oct 28 15:41 still logged in khachik pts/0 192.168.1.13 Fri Oct 28 15:41 still logged in khachik pts/3 10.58.242.198 Fri Oct 28 09:23 gone - no logout khachik pts/2 10.58.242.198 Fri Oct 28 09:23 gone - no logout khachik pts/1 192.168.220.252 Fri Oct 28 08:49 - 11:11 (02:22)
Filesystem Type Inodes IUsed IFree IUse% Size Used Avail Use% File Mounted on udev devtmpfs 235k 430 234k 1% 960M 0 960M 0% - /dev tmpfs tmpfs 246k 664 245k 1% 202M 979k 201M 1% - /run /dev/mapper/ubuntu--vg-ubuntu--lv ext4 506k 82k 425k 17% 8.1G 4.1G 3.6G 54% - / tmpfs tmpfs 246k 4 246k 1% 1.1G 0 1.1G 0% - /dev/shm tmpfs tmpfs 246k 3 246k 1% 5.3M 0 5.3M 0% - /run/lock tmpfs tmpfs 246k 18 246k 1% 1.1G 0 1.1G 0% - /sys/fs/cgroup /dev/loop1 squashfs 486 486 0 100% 51M 51M 0 100% - /snap/snapd/17336 /dev/loop2 squashfs 802 802 0 100% 72M 72M 0 100% - /snap/lxd/22753 /dev/loop0 squashfs 12k 12k 0 100% 67M 67M 0 100% - /snap/core20/1623 /dev/loop3 squashfs 486 486 0 100% 50M 50M 0 100% - /snap/snapd/16292 /dev/loop4 squashfs 12k 12k 0 100% 66M 66M 0 100% - /snap/core20/1611 /dev/sda2 ext4 115k 304 115k 1% 1.9G 112M 1.6G 7% - /boot /dev/sda1 vfat 0 0 0 - 564M 5.5M 558M 1% - /boot/efi tmpfs tmpfs 246k 22 246k 1% 202M 0 202M 0% - /run/user/1000
total used free shared buff/cache available Mem: 1964388 1224268 359464 956 380656 587008 Swap: 1413116 0 1413116
eth0: flags=4163<UP,BROADCAST,RUNNING,MULTICAST> mtu 1500 inet 192.168.1.16 netmask 255.255.255.0 broadcast 192.168.1.255 inet6 fe80::215:5dff:fe01:d00 prefixlen 64 scopeid 0x20<link> ether 00:15:5d:01:0d:00 txqueuelen 1000 (Ethernet) RX packets 7806 bytes 675161 (675.1 KB) RX errors 0 dropped 10 overruns 0 frame 0 TX packets 7377 bytes 1013631 (1.0 MB) TX errors 0 dropped 0 overruns 0 carrier 0 collisions 0 lo: flags=73<UP,LOOPBACK,RUNNING> mtu 65536 inet 127.0.0.1 netmask 255.0.0.0 inet6 ::1 prefixlen 128 scopeid 0x10<host> loop txqueuelen 1000 (Local Loopback) RX packets 6942 bytes 611706 (611.7 KB) RX errors 0 dropped 0 overruns 0 frame 0 TX packets 6942 bytes 611706 (611.7 KB) TX errors 0 dropped 0 overruns 0 carrier 0 collisions 0
15:49:08 up 5:03, 5 users, load average: 0.00, 0.00, 0.00
khachik pts/1 192.168.1.13 Fri Oct 28 15:41 still logged in khachik pts/0 192.168.1.13 Fri Oct 28 15:41 still logged in khachik pts/3 10.58.242.198 Fri Oct 28 09:23 gone - no logout khachik pts/2 10.58.242.198 Fri Oct 28 09:23 gone - no logout khachik pts/1 192.168.220.252 Fri Oct 28 08:49 - 11:11 (02:22)
Filesystem Type Inodes IUsed IFree IUse% Size Used Avail Use% File Mounted on udev devtmpfs 235k 430 234k 1% 960M 0 960M 0% - /dev tmpfs tmpfs 246k 664 245k 1% 202M 979k 201M 1% - /run /dev/mapper/ubuntu--vg-ubuntu--lv ext4 506k 82k 425k 17% 8.1G 4.1G 3.6G 54% - / tmpfs tmpfs 246k 4 246k 1% 1.1G 0 1.1G 0% - /dev/shm tmpfs tmpfs 246k 3 246k 1% 5.3M 0 5.3M 0% - /run/lock tmpfs tmpfs 246k 18 246k 1% 1.1G 0 1.1G 0% - /sys/fs/cgroup /dev/loop1 squashfs 486 486 0 100% 51M 51M 0 100% - /snap/snapd/17336 /dev/loop2 squashfs 802 802 0 100% 72M 72M 0 100% - /snap/lxd/22753 /dev/loop0 squashfs 12k 12k 0 100% 67M 67M 0 100% - /snap/core20/1623 /dev/loop3 squashfs 486 486 0 100% 50M 50M 0 100% - /snap/snapd/16292 /dev/loop4 squashfs 12k 12k 0 100% 66M 66M 0 100% - /snap/core20/1611 /dev/sda2 ext4 115k 304 115k 1% 1.9G 112M 1.6G 7% - /boot /dev/sda1 vfat 0 0 0 - 564M 5.5M 558M 1% - /boot/efi tmpfs tmpfs 246k 22 246k 1% 202M 0 202M 0% - /run/user/1000
total used free shared buff/cache available Mem: 1964388 1225156 358432 956 380800 586112 Swap: 1413116 0 1413116
eth0: flags=4163<UP,BROADCAST,RUNNING,MULTICAST> mtu 1500 inet 192.168.1.16 netmask 255.255.255.0 broadcast 192.168.1.255 inet6 fe80::215:5dff:fe01:d00 prefixlen 64 scopeid 0x20<link> ether 00:15:5d:01:0d:00 txqueuelen 1000 (Ethernet) RX packets 7988 bytes 695229 (695.2 KB) RX errors 0 dropped 10 overruns 0 frame 0 TX packets 7541 bytes 1045707 (1.0 MB) TX errors 0 dropped 0 overruns 0 carrier 0 collisions 0 lo: flags=73<UP,LOOPBACK,RUNNING> mtu 65536 inet 127.0.0.1 netmask 255.0.0.0 inet6 ::1 prefixlen 128 scopeid 0x10<host> loop txqueuelen 1000 (Local Loopback) RX packets 6942 bytes 611706 (611.7 KB) RX errors 0 dropped 0 overruns 0 frame 0 TX packets 6942 bytes 611706 (611.7 KB) TX errors 0 dropped 0 overruns 0 carrier 0 collisions 0
15:49:41 up 5:04, 5 users, load average: 0.00, 0.00, 0.00
khachik pts/1 192.168.1.13 Fri Oct 28 15:41 still logged in khachik pts/0 192.168.1.13 Fri Oct 28 15:41 still logged in khachik pts/3 10.58.242.198 Fri Oct 28 09:23 gone - no logout khachik pts/2 10.58.242.198 Fri Oct 28 09:23 gone - no logout khachik pts/1 192.168.220.252 Fri Oct 28 08:49 - 11:11 (02:22)
Filesystem Type Inodes IUsed IFree IUse% Size Used Avail Use% File Mounted on udev devtmpfs 235k 430 234k 1% 960M 0 960M 0% - /dev tmpfs tmpfs 246k 664 245k 1% 202M 979k 201M 1% - /run /dev/mapper/ubuntu--vg-ubuntu--lv ext4 506k 82k 425k 17% 8.1G 4.1G 3.6G 54% - / tmpfs tmpfs 246k 4 246k 1% 1.1G 0 1.1G 0% - /dev/shm tmpfs tmpfs 246k 3 246k 1% 5.3M 0 5.3M 0% - /run/lock tmpfs tmpfs 246k 18 246k 1% 1.1G 0 1.1G 0% - /sys/fs/cgroup /dev/loop1 squashfs 486 486 0 100% 51M 51M 0 100% - /snap/snapd/17336 /dev/loop2 squashfs 802 802 0 100% 72M 72M 0 100% - /snap/lxd/22753 /dev/loop0 squashfs 12k 12k 0 100% 67M 67M 0 100% - /snap/core20/1623 /dev/loop3 squashfs 486 486 0 100% 50M 50M 0 100% - /snap/snapd/16292 /dev/loop4 squashfs 12k 12k 0 100% 66M 66M 0 100% - /snap/core20/1611 /dev/sda2 ext4 115k 304 115k 1% 1.9G 112M 1.6G 7% - /boot /dev/sda1 vfat 0 0 0 - 564M 5.5M 558M 1% - /boot/efi tmpfs tmpfs 246k 22 246k 1% 202M 0 202M 0% - /run/user/1000
total used free shared buff/cache available Mem: 1964388 1223848 359704 956 380836 587428 Swap: 1413116 0 1413116
eth0: flags=4163<UP,BROADCAST,RUNNING,MULTICAST> mtu 1500 inet 192.168.1.16 netmask 255.255.255.0 broadcast 192.168.1.255 inet6 fe80::215:5dff:fe01:d00 prefixlen 64 scopeid 0x20<link> ether 00:15:5d:01:0d:00 txqueuelen 1000 (Ethernet) RX packets 8091 bytes 705279 (705.2 KB) RX errors 0 dropped 10 overruns 0 frame 0 TX packets 7622 bytes 1064229 (1.0 MB) TX errors 0 dropped 0 overruns 0 carrier 0 collisions 0 lo: flags=73<UP,LOOPBACK,RUNNING> mtu 65536 inet 127.0.0.1 netmask 255.0.0.0 inet6 ::1 prefixlen 128 scopeid 0x10<host> loop txqueuelen 1000 (Local Loopback) RX packets 6942 bytes 611706 (611.7 KB) RX errors 0 dropped 0 overruns 0 frame 0 TX packets 6942 bytes 611706 (611.7 KB) TX errors 0 dropped 0 overruns 0 carrier 0 collisions 0
15:50:19 up 5:05, 5 users, load average: 0.00, 0.00, 0.00
khachik pts/1 192.168.1.13 Fri Oct 28 15:41 still logged in khachik pts/0 192.168.1.13 Fri Oct 28 15:41 still logged in khachik pts/3 10.58.242.198 Fri Oct 28 09:23 gone - no logout khachik pts/2 10.58.242.198 Fri Oct 28 09:23 gone - no logout khachik pts/1 192.168.220.252 Fri Oct 28 08:49 - 11:11 (02:22)
Filesystem Type Inodes IUsed IFree IUse% Size Used Avail Use% File Mounted on udev devtmpfs 235k 430 234k 1% 960M 0 960M 0% - /dev tmpfs tmpfs 246k 664 245k 1% 202M 979k 201M 1% - /run /dev/mapper/ubuntu--vg-ubuntu--lv ext4 506k 82k 425k 17% 8.1G 4.1G 3.6G 54% - / tmpfs tmpfs 246k 4 246k 1% 1.1G 0 1.1G 0% - /dev/shm tmpfs tmpfs 246k 3 246k 1% 5.3M 0 5.3M 0% - /run/lock tmpfs tmpfs 246k 18 246k 1% 1.1G 0 1.1G 0% - /sys/fs/cgroup /dev/loop1 squashfs 486 486 0 100% 51M 51M 0 100% - /snap/snapd/17336 /dev/loop2 squashfs 802 802 0 100% 72M 72M 0 100% - /snap/lxd/22753 /dev/loop0 squashfs 12k 12k 0 100% 67M 67M 0 100% - /snap/core20/1623 /dev/loop3 squashfs 486 486 0 100% 50M 50M 0 100% - /snap/snapd/16292 /dev/loop4 squashfs 12k 12k 0 100% 66M 66M 0 100% - /snap/core20/1611 /dev/sda2 ext4 115k 304 115k 1% 1.9G 112M 1.6G 7% - /boot /dev/sda1 vfat 0 0 0 - 564M 5.5M 558M 1% - /boot/efi tmpfs tmpfs 246k 22 246k 1% 202M 0 202M 0% - /run/user/1000
total used free shared buff/cache available Mem: 1964388 1224308 359204 956 380876 586968 Swap: 1413116 0 1413116
eth0: flags=4163<UP,BROADCAST,RUNNING,MULTICAST> mtu 1500 inet 192.168.1.16 netmask 255.255.255.0 broadcast 192.168.1.255 inet6 fe80::215:5dff:fe01:d00 prefixlen 64 scopeid 0x20<link> ether 00:15:5d:01:0d:00 txqueuelen 1000 (Ethernet) RX packets 8171 bytes 713151 (713.1 KB) RX errors 0 dropped 10 overruns 0 frame 0 TX packets 7684 bytes 1079753 (1.0 MB) TX errors 0 dropped 0 overruns 0 carrier 0 collisions 0 lo: flags=73<UP,LOOPBACK,RUNNING> mtu 65536 inet 127.0.0.1 netmask 255.0.0.0 inet6 ::1 prefixlen 128 scopeid 0x10<host> loop txqueuelen 1000 (Local Loopback) RX packets 6942 bytes 611706 (611.7 KB) RX errors 0 dropped 0 overruns 0 frame 0 TX packets 6942 bytes 611706 (611.7 KB) TX errors 0 dropped 0 overruns 0 carrier 0 collisions 0
15:50:40 up 5:05, 5 users, load average: 0.00, 0.00, 0.00
khachik pts/1 192.168.1.13 Fri Oct 28 15:41 still logged in khachik pts/0 192.168.1.13 Fri Oct 28 15:41 still logged in khachik pts/3 10.58.242.198 Fri Oct 28 09:23 gone - no logout khachik pts/2 10.58.242.198 Fri Oct 28 09:23 gone - no logout khachik pts/1 192.168.220.252 Fri Oct 28 08:49 - 11:11 (02:22)
Filesystem Type Inodes IUsed IFree IUse% Size Used Avail Use% File Mounted on udev devtmpfs 235k 430 234k 1% 960M 0 960M 0% - /dev tmpfs tmpfs 246k 664 245k 1% 202M 979k 201M 1% - /run /dev/mapper/ubuntu--vg-ubuntu--lv ext4 506k 82k 425k 17% 8.1G 4.1G 3.6G 54% - / tmpfs tmpfs 246k 4 246k 1% 1.1G 0 1.1G 0% - /dev/shm tmpfs tmpfs 246k 3 246k 1% 5.3M 0 5.3M 0% - /run/lock tmpfs tmpfs 246k 18 246k 1% 1.1G 0 1.1G 0% - /sys/fs/cgroup /dev/loop1 squashfs 486 486 0 100% 51M 51M 0 100% - /snap/snapd/17336 /dev/loop2 squashfs 802 802 0 100% 72M 72M 0 100% - /snap/lxd/22753 /dev/loop0 squashfs 12k 12k 0 100% 67M 67M 0 100% - /snap/core20/1623 /dev/loop3 squashfs 486 486 0 100% 50M 50M 0 100% - /snap/snapd/16292 /dev/loop4 squashfs 12k 12k 0 100% 66M 66M 0 100% - /snap/core20/1611 /dev/sda2 ext4 115k 304 115k 1% 1.9G 112M 1.6G 7% - /boot /dev/sda1 vfat 0 0 0 - 564M 5.5M 558M 1% - /boot/efi tmpfs tmpfs 246k 22 246k 1% 202M 0 202M 0% - /run/user/1000
total used free shared buff/cache available Mem: 1964388 1224280 359204 956 380904 586996 Swap: 1413116 0 1413116
eth0: flags=4163<UP,BROADCAST,RUNNING,MULTICAST> mtu 1500 inet 192.168.1.16 netmask 255.255.255.0 broadcast 192.168.1.255 inet6 fe80::215:5dff:fe01:d00 prefixlen 64 scopeid 0x20<link> ether 00:15:5d:01:0d:00 txqueuelen 1000 (Ethernet) RX packets 8397 bytes 737995 (737.9 KB) RX errors 0 dropped 10 overruns 0 frame 0 TX packets 7862 bytes 1114793 (1.1 MB) TX errors 0 dropped 0 overruns 0 carrier 0 collisions 0 lo: flags=73<UP,LOOPBACK,RUNNING> mtu 65536 inet 127.0.0.1 netmask 255.0.0.0 inet6 ::1 prefixlen 128 scopeid 0x10<host> loop txqueuelen 1000 (Local Loopback) RX packets 6942 bytes 611706 (611.7 KB) RX errors 0 dropped 0 overruns 0 frame 0 TX packets 6942 bytes 611706 (611.7 KB) TX errors 0 dropped 0 overruns 0 carrier 0 collisions 0
15:51:20 up 5:06, 5 users, load average: 0.00, 0.00, 0.00
khachik pts/1 192.168.1.13 Fri Oct 28 15:41 still logged in khachik pts/0 192.168.1.13 Fri Oct 28 15:41 still logged in khachik pts/3 10.58.242.198 Fri Oct 28 09:23 gone - no logout khachik pts/2 10.58.242.198 Fri Oct 28 09:23 gone - no logout khachik pts/1 192.168.220.252 Fri Oct 28 08:49 - 11:11 (02:22)
Filesystem Type Inodes IUsed IFree IUse% Size Used Avail Use% File Mounted on udev devtmpfs 235k 430 234k 1% 960M 0 960M 0% - /dev tmpfs tmpfs 246k 664 245k 1% 202M 979k 201M 1% - /run /dev/mapper/ubuntu--vg-ubuntu--lv ext4 506k 82k 425k 17% 8.1G 4.1G 3.6G 54% - / tmpfs tmpfs 246k 4 246k 1% 1.1G 0 1.1G 0% - /dev/shm tmpfs tmpfs 246k 3 246k 1% 5.3M 0 5.3M 0% - /run/lock tmpfs tmpfs 246k 18 246k 1% 1.1G 0 1.1G 0% - /sys/fs/cgroup /dev/loop1 squashfs 486 486 0 100% 51M 51M 0 100% - /snap/snapd/17336 /dev/loop2 squashfs 802 802 0 100% 72M 72M 0 100% - /snap/lxd/22753 /dev/loop0 squashfs 12k 12k 0 100% 67M 67M 0 100% - /snap/core20/1623 /dev/loop3 squashfs 486 486 0 100% 50M 50M 0 100% - /snap/snapd/16292 /dev/loop4 squashfs 12k 12k 0 100% 66M 66M 0 100% - /snap/core20/1611 /dev/sda2 ext4 115k 304 115k 1% 1.9G 112M 1.6G 7% - /boot /dev/sda1 vfat 0 0 0 - 564M 5.5M 558M 1% - /boot/efi tmpfs tmpfs 246k 22 246k 1% 202M 0 202M 0% - /run/user/1000
total used free shared buff/cache available Mem: 1964388 1224248 359196 956 380944 587028 Swap: 1413116 0 1413116
15:54:33 up 5:09, 3 users, load average: 0.00, 0.00, 0.00
khachik pts/1 192.168.1.13 Fri Oct 28 15:41 still logged in khachik pts/0 192.168.1.13 Fri Oct 28 15:41 still logged in khachik pts/3 10.58.242.198 Fri Oct 28 09:23 - 15:54 (06:30) khachik pts/2 10.58.242.198 Fri Oct 28 09:23 - 15:54 (06:30) khachik pts/1 192.168.220.252 Fri Oct 28 08:49 - 11:11 (02:22)
Filesystem Type Inodes IUsed IFree IUse% Size Used Avail Use% File Mounted on udev devtmpfs 235k 430 234k 1% 960M 0 960M 0% - /dev tmpfs tmpfs 246k 656 245k 1% 202M 963k 201M 1% - /run /dev/mapper/ubuntu--vg-ubuntu--lv ext4 506k 82k 425k 17% 8.1G 4.1G 3.6G 54% - / tmpfs tmpfs 246k 4 246k 1% 1.1G 0 1.1G 0% - /dev/shm tmpfs tmpfs 246k 3 246k 1% 5.3M 0 5.3M 0% - /run/lock tmpfs tmpfs 246k 18 246k 1% 1.1G 0 1.1G 0% - /sys/fs/cgroup /dev/loop1 squashfs 486 486 0 100% 51M 51M 0 100% - /snap/snapd/17336 /dev/loop2 squashfs 802 802 0 100% 72M 72M 0 100% - /snap/lxd/22753 /dev/loop0 squashfs 12k 12k 0 100% 67M 67M 0 100% - /snap/core20/1623 /dev/loop3 squashfs 486 486 0 100% 50M 50M 0 100% - /snap/snapd/16292 /dev/loop4 squashfs 12k 12k 0 100% 66M 66M 0 100% - /snap/core20/1611 /dev/sda2 ext4 115k 304 115k 1% 1.9G 112M 1.6G 7% - /boot /dev/sda1 vfat 0 0 0 - 564M 5.5M 558M 1% - /boot/efi tmpfs tmpfs 246k 22 246k 1% 202M 0 202M 0% - /run/user/1000
total used free shared buff/cache available Mem: 1964388 1208380 375000 940 381008 602940 Swap: 1413116 0 1413116
