eth0: flags=4163<UP,BROADCAST,RUNNING,MULTICAST> mtu 1500 inet 10.58.242.78 netmask 255.255.255.0 broadcast 10.58.242.255 inet6 fe80::215:5dff:fe01:d00 prefixlen 64 scopeid 0x20<link> ether 00:15:5d:01:0d:00 txqueuelen 1000 (Ethernet) RX packets 2683 bytes 312182 (312.1 KB) RX errors 0 dropped 0 overruns 0 frame 0 TX packets 3419 bytes 469189 (469.1 KB) TX errors 0 dropped 0 overruns 0 carrier 0 collisions 0 lo: flags=73<UP,LOOPBACK,RUNNING> mtu 65536 inet 127.0.0.1 netmask 255.0.0.0 inet6 ::1 prefixlen 128 scopeid 0x10<host> loop txqueuelen 1000 (Local Loopback) RX packets 2357 bytes 195579 (195.5 KB) RX errors 0 dropped 0 overruns 0 frame 0 TX packets 2357 bytes 195579 (195.5 KB) TX errors 0 dropped 0 overruns 0 carrier 0 collisions 0
####
11:51:28 up 25 min, 2 users, load average: 0.00, 0.00, 0.00
####
khachik pts/0 10.58.242.77 Wed Nov 2 11:29 still logged in khachik tty1 Wed Nov 2 11:27 still logged in reboot system boot 5.4.0-131-generi Wed Nov 2 11:25 still running khachik pts/0 192.168.220.252 Tue Nov 1 07:40 - 08:48 (01:08) khachik tty1 Tue Nov 1 07:35 - down (01:13)
###
Filesystem Type Inodes IUsed IFree IUse% Size Used Avail Use% File Mounted on udev devtmpfs 235k 430 234k 1% 960M 0 960M 0% - /dev tmpfs tmpfs 246k 651 245k 1% 202M 951k 201M 1% - /run /dev/mapper/ubuntu--vg-ubuntu--lv ext4 506k 82k 425k 17% 8.1G 4.1G 3.6G 54% - / tmpfs tmpfs 246k 4 246k 1% 1.1G 0 1.1G 0% - /dev/shm tmpfs tmpfs 246k 3 246k 1% 5.3M 0 5.3M 0% - /run/lock tmpfs tmpfs 246k 18 246k 1% 1.1G 0 1.1G 0% - /sys/fs/cgroup /dev/loop1 squashfs 12k 12k 0 100% 66M 66M 0 100% - /snap/core20/1611 /dev/loop2 squashfs 802 802 0 100% 72M 72M 0 100% - /snap/lxd/22753 /dev/loop0 squashfs 12k 12k 0 100% 67M 67M 0 100% - /snap/core20/1623 /dev/loop4 squashfs 486 486 0 100% 50M 50M 0 100% - /snap/snapd/16292 /dev/loop3 squashfs 486 486 0 100% 51M 51M 0 100% - /snap/snapd/17336 /dev/sda2 ext4 115k 304 115k 1% 1.9G 112M 1.6G 7% - /boot /dev/sda1 vfat 0 0 0 - 564M 5.5M 558M 1% - /boot/efi tmpfs tmpfs 246k 22 246k 1% 202M 0 202M 0% - /run/user/1000
####
total used free shared buff/cache available Mem: 1964388 1234560 308696 928 421132 575156 Swap: 1413116 0 1413116
